[jigar.pandya@localhost oracle_objects_naming]$ sqlplus jpandya@xe

SQL*Plus: Release 11.2.0.2.0 Production on Fri Sep 4 17:29:59 2015

Copyright (c) 1982, 2011, Oracle.  All rights reserved.

Enter password: 

Connected to:
Oracle Database 11g Express Edition Release 11.2.0.2.0 - 64bit Production

SQL> select * from all_tables where table_name='ABCD';

no rows selected

SQL> select * from all_tables where table_name='abcd';

no rows selected

SQL> create table "abcd" (id number, name varchar2(20));

Table created.

SQL> select * from all_tables where table_name='ABCD';

no rows selected
select * from abcd;













SQL> select table_name from all_tables where table_name='abcd';

TABLE_NAME
------------------------------
abcd


SQL> 


SQL> desc "abcd";
 Name					   Null?    Type
 ----------------------------------------- -------- ----------------------------
 ID						    NUMBER
 NAME						    VARCHAR2(20)

SQL> create table abcd (lid number, lname varchar2(20));

Table created.

SQL> desc abcd;
 Name					   Null?    Type
 ----------------------------------------- -------- ----------------------------
 LID						    NUMBER
 LNAME						    VARCHAR2(20)

SQL> create table ABCD (uid number, uname varchar2(20));
create table ABCD (uid number, uname varchar2(20))
                   *
ERROR at line 1:
ORA-00904: : invalid identifier


SQL> create table ABCD (uppid number, uname varchar2(20));
create table ABCD (uppid number, uname varchar2(20))
             *
ERROR at line 1:
ORA-00955: name is already used by an existing object


SQL> desc ABCD;
 Name					   Null?    Type
 ----------------------------------------- -------- ----------------------------
 LID						    NUMBER
 LNAME						    VARCHAR2(20)



SQL> select table_name from all_tables where table_name='ABCD';

TABLE_NAME
------------------------------
ABCD
SQL> 


SQL> select * from abcd;

no rows selected

SQL> select * from ABCD;

no rows selected

SQL> select * from "abcd";

no rows selected

SQL> insert into abcd values(1,'testname');

1 row created.

SQL> select * from abcd;

       LID LNAME
---------- --------------------
	 1 testname

SQL> select * from ABCD;

       LID LNAME
---------- --------------------
	 1 testname

SQL> select * from "abcd";

no rows selected

SQL> insert into "abcd" values (2,'testnamesquotes');

1 row created.

SQL> select * from abcd;

       LID LNAME
---------- --------------------
	 1 testname

SQL> select * from ABCD;

       LID LNAME
---------- --------------------
	 1 testname

SQL> select * from "abcd";

	ID NAME
---------- --------------------
	 2 testnamesquotes

SQL> create table "aBcD" (mid number, mname varchar2(20));

Table created.

SQL> desc "aBcD";
 Name					   Null?    Type
 ----------------------------------------- -------- ----------------------------
 MID						    NUMBER
 MNAME						    VARCHAR2(20)

SQL> select * from "aBcD";

no rows selected

SQL> 


SQL> exit
