SQL> @create_table_cruises.sql

Table created.


SQL> select object_name from all_objects where object_name like '%CRUISE%';

OBJECT_NAME
------------------------------
CRUISE_ID_PK
SEQ_CRUISE_ID
CRUISES

SQL> drop sequence seq_cruise_id;

Sequence dropped.

SQL> create sequence seq_cruise_id;

Sequence created.

SQL> insert into cruises (cruise_id, cruise_name, start_date, end_date) values (seq_cruise_id.nextval, 'Day at Sea', '01-JAN-15','15-JAN-15');

1 row created.

SQL> select * from cruises;

 CRUISE_ID CRUISE_NAME			  START_DAT END_DATE
---------- ------------------------------ --------- ---------
	 1 Day at Sea			  01-JAN-15 15-JAN-15

SQL> insert into cruises (cruise_id, cruise_name, start_date, end_date) values (seq_cruise_id.nextval, 'Hawaii', '01-JAN-15','31-JAN-15');

1 row created.

SQL> select * from cruises;

 CRUISE_ID CRUISE_NAME			  START_DAT END_DATE
---------- ------------------------------ --------- ---------
	 1 Day at Sea			  01-JAN-15 15-JAN-15
	 2 Hawaii			  01-JAN-15 31-JAN-15

SQL> select seq_cruise_id.currval from dual;

   CURRVAL
----------
	 2

SQL> select seq_cruise_id.nextval, seq_cruise_id.nextval, seq_cruise_id.currval from dual;

   NEXTVAL    NEXTVAL	 CURRVAL
---------- ---------- ----------
	 3	    3	       3

SQL> insert into cruises (cruise_id, cruise_name, start_date, end_date) values (seq_cruise_id.nextval, 'Hawaii', '01-JAN-15','31-JAN-15');

1 row created.

SQL> select * from cruises;

 CRUISE_ID CRUISE_NAME			  START_DAT END_DATE
---------- ------------------------------ --------- ---------
	 1 Day at Sea			  01-JAN-15 15-JAN-15
	 2 Hawaii			  01-JAN-15 31-JAN-15
	 4 Hawaii			  01-JAN-15 31-JAN-15

SQL> select object_name from all_objects where object_name like '%CRUISE%';

OBJECT_NAME
------------------------------
CRUISES
CRUISE_ID_PK
SEQ_CRUISE_ID


SQL>

SQL> select * from cruises;

 CRUISE_ID CRUISE_NAME			  START_DAT END_DATE
---------- ------------------------------ --------- ---------
	 1 Day at Sea			  01-JAN-15 15-JAN-15
	 2 Hawaii			  01-JAN-15 31-JAN-15
	 4 Hawaii			  01-JAN-15 31-JAN-15

SQL> alter sequence seq_cruise_id maxvalue 5;

Sequence altered.

SQL> select * from cruises;

 CRUISE_ID CRUISE_NAME			  START_DAT END_DATE
---------- ------------------------------ --------- ---------
	 1 Day at Sea			  01-JAN-15 15-JAN-15
	 2 Hawaii			  01-JAN-15 31-JAN-15
	 4 Hawaii			  01-JAN-15 31-JAN-15

SQL> insert into cruises (cruise_id, cruise_name, start_date, end_date) values (seq_cruise_id.nextval, 'Hawaii', '01-DEC-15','31-DEC-15');

1 row created.

SQL> select * from cruises;

 CRUISE_ID CRUISE_NAME			  START_DAT END_DATE
---------- ------------------------------ --------- ---------
	 1 Day at Sea			  01-JAN-15 15-JAN-15
	 2 Hawaii			  01-JAN-15 31-JAN-15
	 4 Hawaii			  01-JAN-15 31-JAN-15
	 5 Hawaii			  01-DEC-15 31-DEC-15

SQL> insert into cruises (cruise_id, cruise_name, start_date, end_date) values (seq_cruise_id.nextval, 'Hawaii', '01-JUL-15','31-DEC-15');
insert into cruises (cruise_id, cruise_name, start_date, end_date) values (seq_cruise_id.nextval, 'Hawaii', '01-JUL-15','31-DEC-15')
                                                                           *
ERROR at line 1:
ORA-08004: sequence SEQ_CRUISE_ID.NEXTVAL exceeds MAXVALUE and cannot be
instantiated


SQL> 
QL> desc user_sequences;
 Name					   Null?    Type
 ----------------------------------------- -------- ----------------------------
 SEQUENCE_NAME				   NOT NULL VARCHAR2(30)
 MIN_VALUE					    NUMBER
 MAX_VALUE					    NUMBER
 INCREMENT_BY				   NOT NULL NUMBER
 CYCLE_FLAG					    VARCHAR2(1)
 ORDER_FLAG					    VARCHAR2(1)
 CACHE_SIZE				   NOT NULL NUMBER
 LAST_NUMBER				   NOT NULL NUMBER

SQL> select * from user_sequences where sequence_name like '%CRUISE%'
  2  ;

SEQUENCE_NAME			MIN_VALUE  MAX_VALUE INCREMENT_BY C O CACHE_SIZE
------------------------------ ---------- ---------- ------------ - - ----------
LAST_NUMBER
-----------
SEQ_CRUISE_ID				1	   5		1 N N	      20
	  6


SQL> 

